// Jest Snapshot v1, https://goo.gl/fbAQLP

exports[`displays error if field is touched and no option has been selected as per validation schema 1`] = `
<DocumentFragment>
  <form
    action="#"
    data-testid="form"
  >
    <div
      class="MuiFormControl-root MuiTextField-root"
    >
      <label
        class="MuiFormLabel-root MuiInputLabel-root MuiInputLabel-formControl MuiInputLabel-animated"
        data-shrink="false"
      >
        Currency
      </label>
      <div
        class="MuiInputBase-root MuiInput-root MuiInput-underline MuiInputBase-formControl MuiInput-formControl"
      >
        <div
          aria-haspopup="listbox"
          aria-labelledby="mui-component-select-select"
          class="MuiSelect-root MuiSelect-select MuiSelect-selectMenu MuiInputBase-input MuiInput-input"
          id="mui-component-select-select"
          role="button"
          tabindex="0"
        >
          <span>
            ​
          </span>
        </div>
        <input
          aria-hidden="true"
          class="MuiSelect-nativeInput"
          data-testid="select"
          name="select"
          tabindex="-1"
          value=""
        />
        <svg
          aria-hidden="true"
          class="MuiSvgIcon-root MuiSelect-icon"
          focusable="false"
          viewBox="0 0 24 24"
        >
          <path
            d="M7 10l5 5 5-5z"
          />
        </svg>
      </div>
      <p
        class="MuiFormHelperText-root"
      >
        Choose a currency from the dropdown
      </p>
    </div>
    <button
      data-testid="submit"
    >
      submit
    </button>
  </form>
</DocumentFragment>
`;

exports[`renders as formik component 1`] = `
<DocumentFragment>
  <form
    action="#"
    data-testid="form"
  >
    <div
      class="MuiFormControl-root MuiTextField-root"
    >
      <label
        class="MuiFormLabel-root MuiInputLabel-root MuiInputLabel-formControl MuiInputLabel-animated"
        data-shrink="false"
      >
        Currency
      </label>
      <div
        class="MuiInputBase-root MuiInput-root MuiInput-underline MuiInputBase-formControl MuiInput-formControl"
      >
        <div
          aria-haspopup="listbox"
          aria-labelledby="mui-component-select-select"
          class="MuiSelect-root MuiSelect-select MuiSelect-selectMenu MuiInputBase-input MuiInput-input"
          id="mui-component-select-select"
          role="button"
          tabindex="0"
        >
          <span>
            ​
          </span>
        </div>
        <input
          aria-hidden="true"
          class="MuiSelect-nativeInput"
          data-testid="select"
          name="select"
          tabindex="-1"
          value=""
        />
        <svg
          aria-hidden="true"
          class="MuiSvgIcon-root MuiSelect-icon"
          focusable="false"
          viewBox="0 0 24 24"
        >
          <path
            d="M7 10l5 5 5-5z"
          />
        </svg>
      </div>
      <p
        class="MuiFormHelperText-root"
      >
        Choose a currency from the dropdown
      </p>
    </div>
    <button
      data-testid="submit"
    >
      submit
    </button>
  </form>
</DocumentFragment>
`;
